This is pdfTeX, Version 3.141592653-2.6-1.40.29 (TeX Live 2026) (preloaded format=pdflatex 2026.3.22)  29 APR 2026 12:23
entering extended mode
 restricted \write18 enabled.
 %&-line parsing enabled.
**main.tex
(./main.tex
LaTeX2e <2025-11-01>
L3 programming layer <2026-01-19>
(./aastex-thesis.cls
Document Class: aastex-thesis 2005/06/22 5.2/AAS markup document class
Class aastex Info: Original \LaTeX2.09 style by Chris Biemesderfer (chris@seago
at.com). Adapted to \LaTeXe by A. Ogawa (ogawa@teleport.com) on input line 107.

(/usr/local/texlive/2026/texmf-dist/tex/latex/base/article.cls
Document Class: article 2025/01/22 v1.4n Standard LaTeX document class
(/usr/local/texlive/2026/texmf-dist/tex/latex/base/size12.clo
File: size12.clo 2025/01/22 v1.4n Standard LaTeX file (size option)
)
\c@part=\count275
\c@section=\count276
\c@subsection=\count277
\c@subsubsection=\count278
\c@paragraph=\count279
\c@subparagraph=\count280
\c@figure=\count281
\c@table=\count282
\abovecaptionskip=\skip49
\belowcaptionskip=\skip50
\bibindent=\dimen148
)
(/usr/local/texlive/2026/texmf-dist/tex/latex/base/latexsym.sty
Package: latexsym 1998/08/17 v2.2e Standard LaTeX package (lasy symbols)
\symlasy=\mathgroup4
LaTeX Font Info:    Overwriting symbol font `lasy' in version `bold'
(Font)                  U/lasy/m/n --> U/lasy/b/n on input line 52.
)
(/usr/local/texlive/2026/texmf-dist/tex/latex/graphics/graphicx.sty
Package: graphicx 2024/12/31 v1.2e Enhanced LaTeX Graphics (DPC,SPQR)

(/usr/local/texlive/2026/texmf-dist/tex/latex/graphics/keyval.sty
Package: keyval 2022/05/29 v1.15 key=value parser (DPC)
\KV@toks@=\toks17
)
(/usr/local/texlive/2026/texmf-dist/tex/latex/graphics/graphics.sty
Package: graphics 2024/08/06 v1.4g Standard LaTeX Graphics (DPC,SPQR)

(/usr/local/texlive/2026/texmf-dist/tex/latex/graphics/trig.sty
Package: trig 2023/12/02 v1.11 sin cos tan (DPC)
)
(/usr/local/texlive/2026/texmf-dist/tex/latex/graphics-cfg/graphics.cfg
File: graphics.cfg 2016/06/04 v1.11 sample graphics configuration
)
Package graphics Info: Driver file: pdftex.def on input line 106.

(/usr/local/texlive/2026/texmf-dist/tex/latex/graphics-def/pdftex.def
File: pdftex.def 2025/09/29 v1.2d Graphics/color driver for pdftex
))
\Gin@req@height=\dimen149
\Gin@req@width=\dimen150
)
(/usr/local/texlive/2026/texmf-dist/tex/latex/amsfonts/amssymb.sty
Package: amssymb 2013/01/14 v3.01 AMS font symbols

(/usr/local/texlive/2026/texmf-dist/tex/latex/amsfonts/amsfonts.sty
Package: amsfonts 2013/01/14 v3.01 Basic AMSFonts support
\@emptytoks=\toks18
\symAMSa=\mathgroup5
\symAMSb=\mathgroup6
LaTeX Font Info:    Redeclaring math symbol \hbar on input line 98.
LaTeX Font Info:    Overwriting math alphabet `\mathfrak' in version `bold'
(Font)                  U/euf/m/n --> U/euf/b/n on input line 106.
))
(/usr/local/texlive/2026/texmf-dist/tex/latex/natbib/natbib.sty
Package: natbib 2010/09/13 8.31b (PWD, AO)
\bibhang=\skip51
\bibsep=\skip52
LaTeX Info: Redefining \cite on input line 694.
\c@NAT@ctr=\count283
)
(/usr/local/texlive/2026/texmf-dist/tex/latex/tools/longtable.sty
Package: longtable 2025-10-13 v4.24 Multi-page Table package (DPC)
\LTleft=\skip53
\LTright=\skip54
\LTpre=\skip55
\LTpost=\skip56
\LTchunksize=\count284
\LTcapwidth=\dimen151
\LT@head=\box53
\LT@firsthead=\box54
\LT@foot=\box55
\LT@lastfoot=\box56
\LT@gbox=\box57
\LT@cols=\count285
\LT@rows=\count286
\c@LT@tables=\count287
\c@LT@chunks=\count288
\LT@p@ftn=\toks19
)
(/usr/local/texlive/2026/texmf-dist/tex/latex/geometry/geometry.sty
Package: geometry 2026/03/07 v6.0 Page Geometry

(/usr/local/texlive/2026/texmf-dist/tex/generic/iftex/ifvtex.sty
Package: ifvtex 2019/10/25 v1.7 ifvtex legacy package. Use iftex instead.

(/usr/local/texlive/2026/texmf-dist/tex/generic/iftex/iftex.sty
Package: iftex 2024/12/12 v1.0g TeX engine tests
))
\Gm@cnth=\count289
\Gm@cntv=\count290
\c@Gm@tempcnt=\count291
\Gm@bindingoffset=\dimen152
\Gm@wd@mp=\dimen153
\Gm@odd@mp=\dimen154
\Gm@even@mp=\dimen155
\Gm@layoutwidth=\dimen156
\Gm@layoutheight=\dimen157
\Gm@layouthoffset=\dimen158
\Gm@layoutvoffset=\dimen159
\Gm@dimlist=\toks20
)
(/usr/local/texlive/2026/texmf-dist/tex/latex/tools/verbatim.sty
Package: verbatim 2024-01-22 v1.5x LaTeX2e package for verbatim enhancements
\every@verbatim=\toks21
\verbatim@line=\toks22
\verbatim@in@stream=\read2
)
(/usr/local/texlive/2026/texmf-dist/tex/latex/caption/caption.sty
Package: caption 2023/08/05 v3.6o Customizing captions (AR)

(/usr/local/texlive/2026/texmf-dist/tex/latex/caption/caption3.sty
Package: caption3 2023/07/31 v2.4d caption3 kernel (AR)
\caption@tempdima=\dimen160
\captionmargin=\dimen161
\caption@leftmargin=\dimen162
\caption@rightmargin=\dimen163
\caption@width=\dimen164
\caption@indent=\dimen165
\caption@parindent=\dimen166
\caption@hangindent=\dimen167
Package caption Info: Standard document class detected.
)
\c@caption@flags=\count292
\c@continuedfloat=\count293
Package caption Info: longtable package is loaded.

(/usr/local/texlive/2026/texmf-dist/tex/latex/caption/ltcaption.sty
Package: ltcaption 2021/01/08 v1.4c longtable captions (AR)
))
\@slugcmmntwidth=\dimen168
\abstract@box=\box58
\c@editornote=\count294
\c@cureqno=\count295
\tnotemarkskip=\skip57
\@abovenoteskip=\dimen169
\pt@box=\box59
\pt@width=\dimen170
\pt@line=\count296
\pt@column=\count297
\pt@nlines=\count298
\pt@ncol=\count299
\pt@page=\count300
\tabbaseskip=\dimen171
\pt@tmpcapwidth=\dimen172
\spew@tblnotesbox=\box60
\restof@tblnotesbox=\box61
\noteheight=\dimen173
\pt@tabnoteminht=\dimen174
\firsttabskip=\dimen175
\captionbox=\box62
\pt@reduceline=\dimen176
\extra@vspace=\dimen177
\c@plate=\count301
\my@footins=\box63
)
(/usr/local/texlive/2026/texmf-dist/tex/latex/graphics/epsfig.sty
Package: epsfig 2024/01/14 v1.7b (e)psfig emulation (SPQR)
\epsfxsize=\dimen178
\epsfysize=\dimen179
)
(/usr/local/texlive/2026/texmf-dist/tex/latex/epstopdf-pkg/epstopdf.sty
Package: epstopdf 2020-01-24 v2.11 Conversion with epstopdf on the fly (HO)

(/usr/local/texlive/2026/texmf-dist/tex/generic/infwarerr/infwarerr.sty
Package: infwarerr 2019/12/03 v1.5 Providing info/warning/error messages (HO)
)
(/usr/local/texlive/2026/texmf-dist/tex/latex/grfext/grfext.sty
Package: grfext 2019/12/03 v1.3 Manage graphics extensions (HO)

(/usr/local/texlive/2026/texmf-dist/tex/generic/kvdefinekeys/kvdefinekeys.sty
Package: kvdefinekeys 2019-12-19 v1.6 Define keys (HO)
)) (/usr/local/texlive/2026/texmf-dist/tex/latex/kvoptions/kvoptions.sty
Package: kvoptions 2022-06-15 v3.15 Key value format for package options (HO)

(/usr/local/texlive/2026/texmf-dist/tex/generic/ltxcmds/ltxcmds.sty
Package: ltxcmds 2023-12-04 v1.26 LaTeX kernel commands for general use (HO)
)
(/usr/local/texlive/2026/texmf-dist/tex/latex/kvsetkeys/kvsetkeys.sty
Package: kvsetkeys 2022-10-05 v1.19 Key value parser (HO)
))
(/usr/local/texlive/2026/texmf-dist/tex/generic/pdftexcmds/pdftexcmds.sty
Package: pdftexcmds 2020-06-27 v0.33 Utility functions of pdfTeX for LuaTeX (HO
)
Package pdftexcmds Info: \pdf@primitive is available.
Package pdftexcmds Info: \pdf@ifprimitive is available.
Package pdftexcmds Info: \pdfdraftmode found.
)
(/usr/local/texlive/2026/texmf-dist/tex/latex/epstopdf-pkg/epstopdf-base.sty
Package: epstopdf-base 2020-01-24 v2.11 Base part for package epstopdf
Package epstopdf-base Info: Redefining graphics rule for `.eps' on input line 4
85.
Package grfext Info: Graphics extension search list:
(grfext)             [.pdf,.png,.jpg,.mps,.jpeg,.jbig2,.jb2,.PDF,.PNG,.JPG,.JPE
G,.JBIG2,.JB2,.eps]
(grfext)             \AppendGraphicsExtensions on input line 504.

(/usr/local/texlive/2026/texmf-dist/tex/latex/latexconfig/epstopdf-sys.cfg
File: epstopdf-sys.cfg 2010/07/13 v1.3 Configuration of (r)epstopdf for TeX Liv
e
)))
(/usr/local/texlive/2026/texmf-dist/tex/latex/amsmath/amsmath.sty
Package: amsmath 2025/07/09 v2.17z AMS math features
\@mathmargin=\skip58

For additional information on amsmath, use the `?' option.
(/usr/local/texlive/2026/texmf-dist/tex/latex/amsmath/amstext.sty
Package: amstext 2024/11/17 v2.01 AMS text

(/usr/local/texlive/2026/texmf-dist/tex/latex/amsmath/amsgen.sty
File: amsgen.sty 1999/11/30 v2.0 generic functions
\@emptytoks=\toks23
\ex@=\dimen180
))
(/usr/local/texlive/2026/texmf-dist/tex/latex/amsmath/amsbsy.sty
Package: amsbsy 1999/11/29 v1.2d Bold Symbols
\pmbraise@=\dimen181
)
(/usr/local/texlive/2026/texmf-dist/tex/latex/amsmath/amsopn.sty
Package: amsopn 2022/04/08 v2.04 operator names
)
\inf@bad=\count302
LaTeX Info: Redefining \frac on input line 233.
\uproot@=\count303
\leftroot@=\count304
LaTeX Info: Redefining \overline on input line 398.
LaTeX Info: Redefining \colon on input line 409.
\classnum@=\count305
\DOTSCASE@=\count306
LaTeX Info: Redefining \ldots on input line 495.
LaTeX Info: Redefining \dots on input line 498.
LaTeX Info: Redefining \cdots on input line 619.
\Mathstrutbox@=\box64
\strutbox@=\box65
LaTeX Info: Redefining \big on input line 721.
LaTeX Info: Redefining \Big on input line 722.
LaTeX Info: Redefining \bigg on input line 723.
LaTeX Info: Redefining \Bigg on input line 724.
\big@size=\dimen182
LaTeX Font Info:    Redeclaring font encoding OML on input line 742.
LaTeX Font Info:    Redeclaring font encoding OMS on input line 743.
\macc@depth=\count307
LaTeX Info: Redefining \bmod on input line 904.
LaTeX Info: Redefining \pmod on input line 909.
LaTeX Info: Redefining \smash on input line 939.
LaTeX Info: Redefining \relbar on input line 969.
LaTeX Info: Redefining \Relbar on input line 970.
\c@MaxMatrixCols=\count308
\dotsspace@=\muskip17
\c@parentequation=\count309
\dspbrk@lvl=\count310
\tag@help=\toks24
\row@=\count311
\column@=\count312
\maxfields@=\count313
\andhelp@=\toks25
\eqnshift@=\dimen183
\alignsep@=\dimen184
\tagshift@=\dimen185
\tagwidth@=\dimen186
\totwidth@=\dimen187
\lineht@=\dimen188
\@envbody=\toks26
\multlinegap=\skip59
\multlinetaggap=\skip60
\mathdisplay@stack=\toks27
LaTeX Info: Redefining \[ on input line 2950.
LaTeX Info: Redefining \] on input line 2951.
)
(/usr/local/texlive/2026/texmf-dist/tex/latex/lineno/lineno.sty
Package: lineno 2026/03/08 line numbers on paragraphs v5.9

(/usr/local/texlive/2026/texmf-dist/tex/latex/etoolbox/etoolbox.sty
Package: etoolbox 2025/10/02 v2.5m e-TeX tools for LaTeX (JAW)
\etb@tempcnta=\count314
)
\linenopenalty=\count315
\output=\toks28
\linenoprevgraf=\count316
\linenumbersep=\dimen189
\linenumberwidth=\dimen190
\c@linenumber=\count317
\c@pagewiselinenumber=\count318
\c@LN@truepage=\count319
\c@internallinenumber=\count320
\c@internallinenumbers=\count321
\quotelinenumbersep=\dimen191
\bframerule=\dimen192
\bframesep=\dimen193
\bframebox=\box66
\@LN@amsmath@ams@eqpen=\count322
)
(/usr/local/texlive/2026/texmf-dist/tex/latex/base/inputenc.sty
Package: inputenc 2024/02/08 v1.3d Input encoding file
\inpenc@prehook=\toks29
\inpenc@posthook=\toks30
)
(/usr/local/texlive/2026/texmf-dist/tex/latex/adjustbox/adjustbox.sty
Package: adjustbox 2025/02/26 v1.3c Adjusting TeX boxes (trim, clip, ...)

(/usr/local/texlive/2026/texmf-dist/tex/latex/xkeyval/xkeyval.sty
Package: xkeyval 2025/11/04 v2.10 package option processing (HA)

(/usr/local/texlive/2026/texmf-dist/tex/generic/xkeyval/xkeyval.tex
(/usr/local/texlive/2026/texmf-dist/tex/generic/xkeyval/xkvutils.tex
\XKV@toks=\toks31
\XKV@tempa@toks=\toks32
\XKV@tempb@toks=\toks33
)
\XKV@depth=\count323
File: xkeyval.tex 2014/12/03 v2.7a key=value parser (HA)
))
(/usr/local/texlive/2026/texmf-dist/tex/latex/adjustbox/adjcalc.sty
Package: adjcalc 2012/05/16 v1.1 Provides advanced setlength with multiple back
-ends (calc, etex, pgfmath)
)
(/usr/local/texlive/2026/texmf-dist/tex/latex/adjustbox/trimclip.sty
Package: trimclip 2025/02/21 v1.2a Trim and clip general TeX material

(/usr/local/texlive/2026/texmf-dist/tex/latex/collectbox/collectbox.sty
Package: collectbox 2022/10/17 v0.4c Collect macro arguments as boxes
\collectedbox=\box67
)
\tc@llx=\dimen194
\tc@lly=\dimen195
\tc@urx=\dimen196
\tc@ury=\dimen197
Package trimclip Info: Using driver 'tc-pdftex.def'.

(/usr/local/texlive/2026/texmf-dist/tex/latex/adjustbox/tc-pdftex.def
File: tc-pdftex.def 2025/02/26 v2.3 Clipping driver for pdftex
))
\adjbox@Width=\dimen198
\adjbox@Height=\dimen199
\adjbox@Depth=\dimen256
\adjbox@Totalheight=\dimen257
\adjbox@pwidth=\dimen258
\adjbox@pheight=\dimen259
\adjbox@pdepth=\dimen260
\adjbox@ptotalheight=\dimen261

(/usr/local/texlive/2026/texmf-dist/tex/latex/ifoddpage/ifoddpage.sty
Package: ifoddpage 2022/10/18 v1.2 Conditionals for odd/even page detection
\c@checkoddpage=\count324
)
(/usr/local/texlive/2026/texmf-dist/tex/latex/varwidth/varwidth.sty
Package: varwidth 2009/03/30 ver 0.92;  Variable-width minipages
\@vwid@box=\box68
\sift@deathcycles=\count325
\@vwid@loff=\dimen262
\@vwid@roff=\dimen263
)
==> First Aid for varwidth.sty applied!
) (/usr/local/texlive/2026/texmf-dist/tex/latex/booktabs/booktabs.sty
Package: booktabs 2020/01/12 v1.61803398 Publication quality tables
\heavyrulewidth=\dimen264
\lightrulewidth=\dimen265
\cmidrulewidth=\dimen266
\belowrulesep=\dimen267
\belowbottomsep=\dimen268
\aboverulesep=\dimen269
\abovetopsep=\dimen270
\cmidrulesep=\dimen271
\cmidrulekern=\dimen272
\defaultaddspace=\dimen273
\@cmidla=\count326
\@cmidlb=\count327
\@aboverulesep=\dimen274
\@belowrulesep=\dimen275
\@thisruleclass=\count328
\@lastruleclass=\count329
\@thisrulewidth=\dimen276
)
(/usr/local/texlive/2026/texmf-dist/tex/latex/changepage/changepage.sty
Package: changepage 2009/10/20 v1.0c check page and change page layout
\c@cp@cntr=\count330
\cp@tempcnt=\count331
LaTeX Info: Redefining \checkoddpage on input line 59.
)
(/usr/local/texlive/2026/texmf-dist/tex/latex/was/upgreek.sty
Package: upgreek 2003/02/12 v2.0 (WaS)
Package upgreek Info: Using Euler Roman for upright Greek on input line 31.
\symugrf@m=\mathgroup7
LaTeX Font Info:    Overwriting symbol font `ugrf@m' in version `bold'
(Font)                  U/eur/m/n --> U/eur/b/n on input line 38.
)
(/usr/local/texlive/2026/texmf-dist/tex/latex/gensymb/gensymb.sty
Package: gensymb 2022/10/17 v1.0.2 (KJH)
)
(/usr/local/texlive/2026/texmf-dist/tex/latex/multirow/multirow.sty
Package: multirow 2024/11/12 v2.9 Span multiple rows of a table
\multirow@colwidth=\skip61
\multirow@cntb=\count332
\multirow@dima=\skip62
\bigstrutjot=\dimen277
)
(/usr/local/texlive/2026/texmf-dist/tex/latex/caption/subcaption.sty
Package: subcaption 2023/07/28 v1.6b Sub-captions (AR)
Package caption Info: New subtype `subfigure' on input line 238.
\c@subfigure=\count333
Package caption Info: New subtype `subtable' on input line 238.
\c@subtable=\count334
)
(/usr/local/texlive/2026/texmf-dist/tex/latex/threeparttable/threeparttable.sty
Package: threeparttable 2003/06/13  v 3.0
\@tempboxb=\box69
) (/usr/local/texlive/2026/texmf-dist/tex/latex/tools/indentfirst.sty
Package: indentfirst 2023/07/02 v1.03 Indent first paragraph (DPC)
)
(/usr/local/texlive/2026/texmf-dist/tex/latex/wasysym/wasysym.sty
Package: wasysym 2020/01/19 v2.4 Wasy-2 symbol support package
\symwasy=\mathgroup8
LaTeX Font Info:    Overwriting symbol font `wasy' in version `bold'
(Font)                  U/wasy/m/n --> U/wasy/b/n on input line 93.
)
(/usr/local/texlive/2026/texmf-dist/tex/latex/lipsum/lipsum.sty
(/usr/local/texlive/2026/texmf-dist/tex/latex/l3packages/l3keys2e/l3keys2e.sty
(/usr/local/texlive/2026/texmf-dist/tex/latex/l3kernel/expl3.sty
Package: expl3 2026-01-19 L3 programming layer (loader) 

(/usr/local/texlive/2026/texmf-dist/tex/latex/l3backend/l3backend-pdftex.def
File: l3backend-pdftex.def 2025-10-09 L3 backend support: PDF output (pdfTeX)
\l__color_backend_stack_int=\count335
))
Package: l3keys2e 2025-10-09 LaTeX2e option processing using LaTeX3 keys
)
Package: lipsum 2021-09-20 v2.7 150 paragraphs of Lorem Ipsum dummy text
\g__lipsum_par_int=\count336
\l__lipsum_a_int=\count337
\l__lipsum_b_int=\count338
(/usr/local/texlive/2026/texmf-dist/tex/latex/lipsum/lipsum.ltd.tex))
(/usr/local/texlive/2026/texmf-dist/tex/latex/mwe/mwe.sty
Package: mwe 2018/03/30 v0.5 Package to support minimal working examples (MWE)

(/usr/local/texlive/2026/texmf-dist/tex/latex/blindtext/blindtext.sty
Package: blindtext 2012/01/06 V2.0 blindtext-Package

(/usr/local/texlive/2026/texmf-dist/tex/latex/tools/xspace.sty
Package: xspace 2014/10/28 v1.13 Space after command names (DPC,MH)
)
\c@blindtext=\count339
\c@Blindtext=\count340
\c@blind@countparstart=\count341
\blind@countxx=\count342
\blindtext@numBlindtext=\count343
\blind@countyy=\count344
\c@blindlist=\count345
\c@blindlistlevel=\count346
\c@blindlist@level=\count347
\blind@listitem=\count348
\c@blind@listcount=\count349
\c@blind@levelcount=\count350
\blind@mathformula=\count351
\blind@Mathformula=\count352
\c@blind@randomcount=\count353
\c@blind@randommax=\count354
\c@blind@pangramcount=\count355
\c@blind@pangrammax=\count356
))
(/usr/local/texlive/2026/texmf-dist/tex/latex/wrapfig/wrapfig.sty
\wrapoverhang=\dimen278
\WF@size=\dimen279
\c@WF@wrappedlines=\count357
\WF@box=\box70
\WF@everypar=\toks34
Package: wrapfig 2003/01/31  v 3.6
)
(/usr/local/texlive/2026/texmf-dist/tex/latex/setspace/setspace.sty
Package: setspace 2022/12/04 v6.7b set line spacing
)
(/usr/local/texlive/2026/texmf-dist/tex/latex/float/float.sty
Package: float 2001/11/08 v1.3d Float enhancements (AL)
\c@float@type=\count358
\float@exts=\toks35
\float@box=\box71
\@float@everytoks=\toks36
\@floatcapt=\box72
)
(/usr/local/texlive/2026/texmf-dist/tex/latex/base/textcomp.sty
Package: textcomp 2024/04/24 v2.1b Standard LaTeX package
)
(/usr/local/texlive/2026/texmf-dist/tex/latex/siunitx/siunitx.sty
Package: siunitx 2025-07-09 v3.4.14 A comprehensive (SI) units package
\l__siunitx_number_uncert_offset_int=\count359
\l__siunitx_number_exponent_fixed_int=\count360
\l__siunitx_number_min_decimal_int=\count361
\l__siunitx_number_min_integer_int=\count362
\l__siunitx_number_round_precision_int=\count363
\l__siunitx_number_lower_threshold_int=\count364
\l__siunitx_number_upper_threshold_int=\count365
\l__siunitx_number_group_first_int=\count366
\l__siunitx_number_group_size_int=\count367
\l__siunitx_number_group_minimum_int=\count368
\l__siunitx_angle_tmp_dim=\dimen280
\l__siunitx_angle_marker_box=\box73
\l__siunitx_angle_unit_box=\box74
\l__siunitx_compound_count_int=\count369

(/usr/local/texlive/2026/texmf-dist/tex/latex/translations/translations.sty
Package: translations 2022/02/05 v1.12 internationalization of LaTeX2e packages
 (CN)
)
\l__siunitx_table_tmp_box=\box75
\l__siunitx_table_tmp_dim=\dimen281
\l__siunitx_table_column_width_dim=\dimen282
\l__siunitx_table_integer_box=\box76
\l__siunitx_table_decimal_box=\box77
\l__siunitx_table_uncert_box=\box78
\l__siunitx_table_before_box=\box79
\l__siunitx_table_after_box=\box80
\l__siunitx_table_before_dim=\dimen283
\l__siunitx_table_carry_dim=\dimen284
\l__siunitx_unit_tmp_int=\count370
\l__siunitx_unit_position_int=\count371
\l__siunitx_unit_total_int=\count372

(/usr/local/texlive/2026/texmf-dist/tex/latex/tools/array.sty
Package: array 2025/09/25 v2.6n Tabular extension package (FMi)
\col@sep=\dimen285
\ar@mcellbox=\box81
\extrarowheight=\dimen286
\NC@list=\toks37
\extratabsurround=\skip63
\backup@length=\skip64
\ar@cellbox=\box82
))
(/usr/local/texlive/2026/texmf-dist/tex/latex/chngcntr/chngcntr.sty
Package: chngcntr 2018/04/09 v1.1a change counter resetting
Package chngcntr Info: \counterwithout already defined.
(chngcntr)             Quitting chngcntr on input line 21.
)
(/usr/local/texlive/2026/texmf-dist/tex/latex/graphics/rotating.sty
Package: rotating 2025/01/14 v2.16e rotated objects in LaTeX

(/usr/local/texlive/2026/texmf-dist/tex/latex/base/ifthen.sty
Package: ifthen 2024/03/16 v1.1e Standard LaTeX ifthen package (DPC)
)
\c@r@tfl@t=\count373
\rotFPtop=\skip65
\rotFPbot=\skip66
\rot@float@box=\box83
\rot@mess@toks=\toks38
)
(/usr/local/texlive/2026/texmf-dist/tex/latex/tablefootnote/tablefootnote.sty
Package: tablefootnote 2014/01/26 v1.1c Table foot notes (HMM)

(/usr/local/texlive/2026/texmf-dist/tex/latex/letltxmacro/letltxmacro.sty
Package: letltxmacro 2019/12/03 v1.6 Let assignment for LaTeX macros (HO)
)
(/usr/local/texlive/2026/texmf-dist/tex/latex/xifthen/xifthen.sty
Package: xifthen 2015/11/05 v1.4.0 Extended ifthen features

(/usr/local/texlive/2026/texmf-dist/tex/latex/tools/calc.sty
Package: calc 2025/03/01 v4.3b Infix arithmetic (KKT,FJ)
\calc@Acount=\count374
\calc@Bcount=\count375
\calc@Adimen=\dimen287
\calc@Bdimen=\dimen288
\calc@Askip=\skip67
\calc@Bskip=\skip68
LaTeX Info: Redefining \setlength on input line 86.
LaTeX Info: Redefining \addtolength on input line 87.
\calc@Ccount=\count376
\calc@Cskip=\skip69
)
(/usr/local/texlive/2026/texmf-dist/tex/latex/ifmtarg/ifmtarg.sty
Package: ifmtarg 2018/04/16 v1.2b check for an empty argument
)))
(/usr/local/texlive/2026/texmf-dist/tex/latex/pdflscape/pdflscape.sty
Package: pdflscape 2025-06-23 v0.14 Display of landscape pages in PDF

(/usr/local/texlive/2026/texmf-dist/tex/latex/pdflscape/pdflscape-nometadata.st
y
Package: pdflscape-nometadata 2025-06-23 v0.14 Display of landscape pages in PD
F (HO)
 (/usr/local/texlive/2026/texmf-dist/tex/latex/graphics/lscape.sty
Package: lscape 2020/05/28 v3.02 Landscape Pages (DPC)
)
Package pdflscape Info: Auto-detected driver: pdftex on input line 81.
))
(/usr/local/texlive/2026/texmf-dist/tex/latex/xcolor/xcolor.sty
Package: xcolor 2024/09/29 v3.02 LaTeX color extensions (UK)

(/usr/local/texlive/2026/texmf-dist/tex/latex/graphics-cfg/color.cfg
File: color.cfg 2016/01/02 v1.6 sample color configuration
)
Package xcolor Info: Driver file: pdftex.def on input line 274.

(/usr/local/texlive/2026/texmf-dist/tex/latex/graphics/mathcolor.ltx)
Package xcolor Info: Model `cmy' substituted by `cmy0' on input line 1349.
Package xcolor Info: Model `hsb' substituted by `rgb' on input line 1353.
Package xcolor Info: Model `RGB' extended on input line 1365.
Package xcolor Info: Model `HTML' substituted by `rgb' on input line 1367.
Package xcolor Info: Model `Hsb' substituted by `hsb' on input line 1368.
Package xcolor Info: Model `tHsb' substituted by `hsb' on input line 1369.
Package xcolor Info: Model `HSB' substituted by `hsb' on input line 1370.
Package xcolor Info: Model `Gray' substituted by `gray' on input line 1371.
Package xcolor Info: Model `wave' substituted by `hsb' on input line 1372.
)
(/usr/local/texlive/2026/texmf-dist/tex/latex/colortbl/colortbl.sty
Package: colortbl 2024/10/29 v1.0k Color table columns (DPC)
\everycr=\toks39
\minrowclearance=\skip70
\rownum=\count377
)
(/usr/local/texlive/2026/texmf-dist/tex/latex/xfrac/xfrac.sty
Package: xfrac 2024-06-04 Split-level fractions
\l__xfrac_slash_box=\box84
\l__xfrac_tmp_box=\box85
\l__xfrac_denominator_bot_sep_dim=\dimen289
\l__xfrac_numerator_bot_sep_dim=\dimen290
\l__xfrac_numerator_top_sep_dim=\dimen291
\l__xfrac_slash_left_sep_dim=\dimen292
\l__xfrac_slash_right_sep_dim=\dimen293
\l__xfrac_slash_left_muskip=\muskip18
\l__xfrac_slash_right_muskip=\muskip19

LaTeX template Info: Declaring template type 'xfrac' taking 3 argument(s) on
(template)           line 100.


LaTeX template Info: Declaring instance 'cmr' of type xfrac on line 392.


LaTeX template Info: Declaring instance 'cmss' of type xfrac on line 392.


LaTeX template Info: Declaring instance 'cmtt' of type xfrac on line 392.

)
(/usr/local/texlive/2026/texmf-dist/tex/latex/hyperref/hyperref.sty
Package: hyperref 2026-01-29 v7.01p Hypertext links for LaTeX

(/usr/local/texlive/2026/texmf-dist/tex/generic/pdfescape/pdfescape.sty
Package: pdfescape 2019/12/09 v1.15 Implements pdfTeX's escape features (HO)
)
(/usr/local/texlive/2026/texmf-dist/tex/latex/hycolor/hycolor.sty
Package: hycolor 2020-01-27 v1.10 Color options for hyperref/bookmark (HO)
)
(/usr/local/texlive/2026/texmf-dist/tex/latex/hyperref/nameref.sty
Package: nameref 2026-01-29 v2.58 Cross-referencing by name of section

(/usr/local/texlive/2026/texmf-dist/tex/latex/refcount/refcount.sty
Package: refcount 2019/12/15 v3.6 Data extraction from label references (HO)
)
(/usr/local/texlive/2026/texmf-dist/tex/generic/gettitlestring/gettitlestring.s
ty
Package: gettitlestring 2019/12/15 v1.6 Cleanup title references (HO)
)
\c@section@level=\count378
) (/usr/local/texlive/2026/texmf-dist/tex/generic/stringenc/stringenc.sty
Package: stringenc 2019/11/29 v1.12 Convert strings between diff. encodings (HO
)
)
\@linkdim=\dimen294
\Hy@linkcounter=\count379
\Hy@pagecounter=\count380

(/usr/local/texlive/2026/texmf-dist/tex/latex/hyperref/pd1enc.def
File: pd1enc.def 2026-01-29 v7.01p Hyperref: PDFDocEncoding definition (HO)
Now handling font encoding PD1 ...
... no UTF-8 mapping file for font encoding PD1
)
(/usr/local/texlive/2026/texmf-dist/tex/generic/intcalc/intcalc.sty
Package: intcalc 2019/12/15 v1.3 Expandable calculations with integers (HO)
)
\Hy@SavedSpaceFactor=\count381

(/usr/local/texlive/2026/texmf-dist/tex/latex/hyperref/puenc.def
File: puenc.def 2026-01-29 v7.01p Hyperref: PDF Unicode definition (HO)
Now handling font encoding PU ...
... no UTF-8 mapping file for font encoding PU
)
Package hyperref Info: Hyper figures OFF on input line 4201.
Package hyperref Info: Link nesting OFF on input line 4206.
Package hyperref Info: Hyper index ON on input line 4209.
Package hyperref Info: Plain pages OFF on input line 4216.
Package hyperref Info: Backreferencing OFF on input line 4221.
Package hyperref Info: Implicit mode ON; LaTeX internals redefined.
Package hyperref Info: Bookmarks ON on input line 4468.
\c@Hy@tempcnt=\count382

(/usr/local/texlive/2026/texmf-dist/tex/latex/url/url.sty
\Urlmuskip=\muskip20
Package: url 2013/09/16  ver 3.4  Verb mode for urls, etc.
)
LaTeX Info: Redefining \url on input line 4807.
\XeTeXLinkMargin=\dimen295

(/usr/local/texlive/2026/texmf-dist/tex/generic/bitset/bitset.sty
Package: bitset 2019/12/09 v1.3 Handle bit-vector datatype (HO)

(/usr/local/texlive/2026/texmf-dist/tex/generic/bigintcalc/bigintcalc.sty
Package: bigintcalc 2019/12/15 v1.5 Expandable calculations on big integers (HO
)
))
\Fld@menulength=\count383
\Field@Width=\dimen296
\Fld@charsize=\dimen297
Package hyperref Info: Hyper figures OFF on input line 6084.
Package hyperref Info: Link nesting OFF on input line 6089.
Package hyperref Info: Hyper index ON on input line 6092.
Package hyperref Info: backreferencing OFF on input line 6099.
Package hyperref Info: Link coloring OFF on input line 6104.
Package hyperref Info: Link coloring with OCG OFF on input line 6109.
Package hyperref Info: PDF/A mode OFF on input line 6114.
\Hy@abspage=\count384
\c@Item=\count385
\c@Hfootnote=\count386
)
Package hyperref Info: Driver (autodetected): hpdftex.

(/usr/local/texlive/2026/texmf-dist/tex/latex/hyperref/hpdftex.def
File: hpdftex.def 2026-01-29 v7.01p Hyperref driver for pdfTeX
\Fld@listcount=\count387
\c@bookmark@seq@number=\count388

(/usr/local/texlive/2026/texmf-dist/tex/latex/rerunfilecheck/rerunfilecheck.sty
Package: rerunfilecheck 2025-06-21 v1.11 Rerun checks for auxiliary files (HO)

(/usr/local/texlive/2026/texmf-dist/tex/generic/uniquecounter/uniquecounter.sty
Package: uniquecounter 2019/12/15 v1.4 Provide unlimited unique counter (HO)
)
Package uniquecounter Info: New unique counter `rerunfilecheck' on input line 2
84.
)
\Hy@SectionHShift=\skip71
)
Package hyperref Info: Option `colorlinks' set `true' on input line 89.
Package hyperref Info: Option `final' set `true' on input line 89.
 (/usr/local/texlive/2026/texmf-dist/tex/latex/etoc/etoc.sty
Package: etoc 2023/10/29 v1.2d Completely customisable TOCs (JFB)

(/usr/local/texlive/2026/texmf-dist/tex/latex/tools/multicol.sty
Package: multicol 2025/10/21 v2.0b multicolumn formatting (FMi)
\c@tracingmulticols=\count389
\mult@box=\box86
\multicol@leftmargin=\dimen298
\c@unbalance=\count390
\c@collectmore=\count391
\doublecol@number=\count392
\multicoltolerance=\count393
\multicolpretolerance=\count394
\full@width=\dimen299
\page@free=\dimen300
\premulticols=\dimen301
\postmulticols=\dimen302
\multicolsep=\skip72
\multicolbaselineskip=\skip73
\partial@page=\box87
\last@line=\box88
\mc@boxedresult=\box89
\maxbalancingoverflow=\dimen303
\mult@rightbox=\box90
\mult@grightbox=\box91
\mult@firstbox=\box92
\mult@gfirstbox=\box93
\@tempa=\box94
\@tempa=\box95
\@tempa=\box96
\@tempa=\box97
\@tempa=\box98
\@tempa=\box99
\@tempa=\box100
\@tempa=\box101
\@tempa=\box102
\@tempa=\box103
\@tempa=\box104
\@tempa=\box105
\@tempa=\box106
\@tempa=\box107
\@tempa=\box108
\@tempa=\box109
\@tempa=\box110
\@tempa=\box111
\@tempa=\box112
\@tempa=\box113
\@tempa=\box114
\@tempa=\box115
\@tempa=\box116
\@tempa=\box117
\@tempa=\box118
\@tempa=\box119
\@tempa=\box120
\@tempa=\box121
\@tempa=\box122
\@tempa=\box123
\@tempa=\box124
\@tempa=\box125
\@tempa=\box126
\@tempa=\box127
\@tempa=\box128
\@tempa=\box129
\c@minrows=\count395
\c@columnbadness=\count396
\c@finalcolumnbadness=\count397
\last@try=\dimen304
\multicolovershoot=\dimen305
\multicolundershoot=\dimen306
\mult@nat@firstbox=\box130
\colbreak@box=\box131
\mc@col@check@num=\count398
\g__mc_curr_col_int=\count399
)
\Etoc@toctoks=\toks40
\c@etoc@tocid=\count400
\etoc@framed@titlebox=\box132
\etoc@framed@contentsbox=\box133
) (./cmds.tex)
Package translations Info: No language package found. I am going to use `englis
h' as default language. on input line 110.
(./main.aux (./title.aux) (./committee.aux) (./dedication.aux)
(./acknowledgements.aux) (./vita.aux) (./abstract.aux) (./abbrev.aux)
(./symbols.aux))
\openout1 = `main.aux'.

LaTeX Font Info:    Checking defaults for OML/cmm/m/it on input line 110.
LaTeX Font Info:    ... okay on input line 110.
LaTeX Font Info:    Checking defaults for OMS/cmsy/m/n on input line 110.
LaTeX Font Info:    ... okay on input line 110.
LaTeX Font Info:    Checking defaults for OT1/cmr/m/n on input line 110.
LaTeX Font Info:    ... okay on input line 110.
LaTeX Font Info:    Checking defaults for T1/cmr/m/n on input line 110.
LaTeX Font Info:    ... okay on input line 110.
LaTeX Font Info:    Checking defaults for TS1/cmr/m/n on input line 110.
LaTeX Font Info:    ... okay on input line 110.
LaTeX Font Info:    Checking defaults for OMX/cmex/m/n on input line 110.
LaTeX Font Info:    ... okay on input line 110.
LaTeX Font Info:    Checking defaults for U/cmr/m/n on input line 110.
LaTeX Font Info:    ... okay on input line 110.
LaTeX Font Info:    Checking defaults for PD1/pdf/m/n on input line 110.
LaTeX Font Info:    ... okay on input line 110.
LaTeX Font Info:    Checking defaults for PU/pdf/m/n on input line 110.
LaTeX Font Info:    ... okay on input line 110.

(/usr/local/texlive/2026/texmf-dist/tex/context/base/mkii/supp-pdf.mkii
[Loading MPS to PDF converter (version 2006.09.02).]
\scratchcounter=\count401
\scratchdimen=\dimen307
\scratchbox=\box134
\nofMPsegments=\count402
\nofMParguments=\count403
\everyMPshowfont=\toks41
\MPscratchCnt=\count404
\MPscratchDim=\dimen308
\MPnumerator=\count405
\makeMPintoPDFobject=\count406
\everyMPtoPDFconversion=\toks42
)
*geometry* driver: auto-detecting
*geometry* detected driver: pdftex
*geometry* verbose mode - [ preamble ] result:
* driver: pdftex
* paper: <default>
* layout: <same size as paper>
* layoutoffset:(h,v)=(0.0pt,0.0pt)
* modes: 
* h-part:(L,W,R)=(92.14519pt, 430.00462pt, 92.14519pt)
* v-part:(T,H,B)=(95.39737pt, 556.47656pt, 143.09605pt)
* \paperwidth=614.295pt
* \paperheight=794.96999pt
* \textwidth=415.55249pt
* \textheight=605.26125pt
* \oddsidemargin=0.0pt
* \evensidemargin=0.0pt
* \topmargin=0.0pt
* \headheight=0.0pt
* \headsep=0.0pt
* \topskip=12.0pt
* \footskip=27.10124pt
* \marginparwidth=0.0pt
* \marginparsep=0.0pt
* \columnsep=10.0pt
* \skip\footins=20.66669pt plus 5.16667pt minus 2.58333pt
* \hoffset=36.135pt
* \voffset=18.06749pt
* \mag=1000
* \@twocolumnfalse
* \@twosidefalse
* \@mparswitchfalse
* \@reversemarginfalse
* (1in=72.27pt=25.4mm, 1cm=28.453pt)

Package caption Info: Begin \AtBeginDocument code.
Package caption Info: changepage package is loaded.
\caption@adjustwidth@hsize=\dimen309
\caption@adjustwidth@linewidth=\dimen310
Package caption Info: float package is loaded.
Package caption Info: hyperref package is loaded.
Package caption Info: rotating package is loaded.
Package caption Info: threeparttable package is loaded.
Package caption Info: wrapfig package is loaded.
Package caption Info: End \AtBeginDocument code.
AAS preprint substyle, v5.2 <12 Dec 2003>.
\symgns@font=\mathgroup9
LaTeX Font Info:    Overwriting symbol font `gns@font' in version `bold'
(Font)                  TS1/cmr/m/n --> TS1/cmr/b/n on input line 110.
Package gensymb Info: Math companion symbols declared on input line 110.
LaTeX Info: Redefining \degree on input line 110.
LaTeX Info: Redefining \celsius on input line 110.
Package gensymb Info: Using text companion symbols for \degree, \celsius and \p
erthousand on input line 110.
LaTeX Info: Redefining \ohm on input line 110.
Package gensymb Info: Using \textohm for \ohm on input line 110.
Package gensymb Info: Using \textmu for \micro on input line 110.

(/usr/local/texlive/2026/texmf-dist/tex/latex/translations/translations-basic-d
ictionary-english.trsl
File: translations-basic-dictionary-english.trsl (english translation file `tra
nslations-basic-dictionary')
)
Package translations Info: loading dictionary `translations-basic-dictionary' f
or `english'. on input line 110.
Package hyperref Info: Link coloring ON on input line 110.
 (./main.out) (./main.out)
\@outlinefile=\write3
\openout3 = `main.out'.

\Etoc@tf=\read3
\openout2 = `title.aux'.

 (./title.tex [1


{/usr/local/texlive/2026/texmf-var/fonts/map/pdftex/updmap/pdftex.map}]) [2]
\openout2 = `committee.aux'.

 (./committee.tex) [3



]
\openout2 = `dedication.aux'.

 (./dedication.tex) [4



]
\openout2 = `acknowledgements.aux'.

 (./acknowledgements.tex
<intro_figs/thai.pdf, id=23, 95.39641pt x 22.4037pt>
File: intro_figs/thai.pdf Graphic file (type pdf)
<use intro_figs/thai.pdf>
Package pdftex.def Info: intro_figs/thai.pdf  used on input line 8.
(pdftex.def)             Requested size: 60.50034pt x 14.20834pt.
) [5



 <./intro_figs/thai.pdf>]
\openout2 = `vita.aux'.

 (./vita.tex
LaTeX Font Info:    Trying to load font information for U+lasy on input line 13
.
 (/usr/local/texlive/2026/texmf-dist/tex/latex/base/ulasy.fd
File: ulasy.fd 1998/08/17 v2.2e LaTeX symbol font definitions
)
LaTeX Font Info:    Trying to load font information for U+msa on input line 13.


(/usr/local/texlive/2026/texmf-dist/tex/latex/amsfonts/umsa.fd
File: umsa.fd 2013/01/14 v3.01 AMS symbols A
)
LaTeX Font Info:    Trying to load font information for U+msb on input line 13.


(/usr/local/texlive/2026/texmf-dist/tex/latex/amsfonts/umsb.fd
File: umsb.fd 2013/01/14 v3.01 AMS symbols B
)
LaTeX Font Info:    Trying to load font information for U+wasy on input line 13
.

(/usr/local/texlive/2026/texmf-dist/tex/latex/wasysym/uwasy.fd
File: uwasy.fd 2020/01/19 v2.4 Wasy-2 symbol font definitions
)
! Extra alignment tab has been changed to \cr.
<recently read> \endtemplate 
                             
l.23  2021 - 2026&
                    M.S., Astronomy  \\
? 
[6



]
! Misplaced alignment tab character &.
l.60 &
      A, 672, 94, doi: 10.1051/0004-6361/202345877
? 
[7{/usr/local/texlive/2026/texmf-dist/fonts/enc/dvips/cm-super/cm-super-ts1.enc
}]) [8]
\openout2 = `abstract.aux'.

 (./abstract.tex) [9



]
\tf@toc=\write4
\openout4 = `main.toc'.

 [10


] (./main.lot)
\tf@lot=\write5
\openout5 = `main.lot'.

 [11] (./main.lof)
\tf@lof=\write6
\openout6 = `main.lof'.

 [12]
\openout2 = `abbrev.aux'.


(./abbrev.tex) [13

]
\openout2 = `symbols.aux'.

 (./symbols.tex) [14



] (./ch_ages.tex (./ages/0abstract.tex)
(./ages/1intro.tex
! Undefined control sequence.
l.1 \Direct
            imaging of exoplanets allows for demographic studies of wide-sep...

? 

Package natbib Warning: Citation `2019AJ....158...13N' on page 1 undefined on i
nput line 1.


Package natbib Warning: Citation `2021A&A...651A..72V' on page 1 undefined on i
nput line 1.


Package natbib Warning: Citation `2008Sci...322.1348M' on page 1 undefined on i
nput line 1.


Package natbib Warning: Citation `2010Natur.468.1080M' on page 1 undefined on i
nput line 1.


Package natbib Warning: Citation `2009A&A...506..927L' on page 1 undefined on i
nput line 1.


Package natbib Warning: Citation `2015Sci...350...64M' on page 1 undefined on i
nput line 1.


Package natbib Warning: Citation `2024Natur.633..789M' on page 1 undefined on i
nput line 1.


Package natbib Warning: Citation `2019AJ....158...13N' on page 1 undefined on i
nput line 1.


Package natbib Warning: Citation `2021A&A...651A..72V' on page 1 undefined on i
nput line 1.


Package natbib Warning: Citation `2021ApJS..254...42B' on page 1 undefined on i
nput line 1.


Package natbib Warning: Citation `2003IAUS..211..325A' on page 1 undefined on i
nput line 1.


Package natbib Warning: Citation `2021ApJ...920...85M' on page 1 undefined on i
nput line 1.


Package natbib Warning: Citation `2024ApJ...975...59M' on page 1 undefined on i
nput line 1.


Package natbib Warning: Citation `2020AJ....159...71N' on page 1 undefined on i
nput line 1.


Package natbib Warning: Citation `2023A&A...672A..94D' on page 1 undefined on i
nput line 1.


Package natbib Warning: Citation `2014ApJ...797...14P' on page 1 undefined on i
nput line 3.


Package natbib Warning: Citation `2016A&A...595A...1G' on page 1 undefined on i
nput line 3.


Package natbib Warning: Citation `1997A&A...323L..49P' on page 1 undefined on i
nput line 4.


Package natbib Warning: Citation `1997A&A...323L..61V' on page 1 undefined on i
nput line 4.


Package natbib Warning: Citation `2023A&A...674A...1G' on page 1 undefined on i
nput line 4.


Package natbib Warning: Citation `2014ApJ...797...14P' on page 1 undefined on i
nput line 4.


Package natbib Warning: Citation `2021ApJS..254...42B' on page 1 undefined on i
nput line 4.


Package natbib Warning: Citation `2024A&A...684C...2K' on page 1 undefined on i
nput line 4.


Package natbib Warning: Citation `2021ApJS..254...42B' on page 1 undefined on i
nput line 4.

[1




]

Package natbib Warning: Citation `2015MNRAS.454..593B' on page 2 undefined on i
nput line 6.


Package natbib Warning: Citation `2023A&A...672A..94D' on page 2 undefined on i
nput line 6.


Package natbib Warning: Citation `2023A&A...672A..93M' on page 2 undefined on i
nput line 6.


Package natbib Warning: Citation `2023ApJ...950L..19F' on page 2 undefined on i
nput line 6.


Package natbib Warning: Citation `2023Sci...380..198C' on page 2 undefined on i
nput line 6.


Package natbib Warning: Citation `2022ApJ...934L..18K' on page 2 undefined on i
nput line 6.


Package natbib Warning: Citation `2022AJ....164..152S' on page 2 undefined on i
nput line 6.


Package natbib Warning: Citation `2019AJ....158..226D' on page 2 undefined on i
nput line 6.

[2]

Package natbib Warning: Citation `2014SPIE.9148E..0JM' on page 3 undefined on i
nput line 8.


Package natbib Warning: Citation `2023ASPC..534..799C' on page 3 undefined on i
nput line 8.


Package natbib Warning: Citation `1971BAAS....3Q.455S' on page 3 undefined on i
nput line 13.


Package natbib Warning: Citation `1991ApJ...375..722S' on page 3 undefined on i
nput line 13.


Package natbib Warning: Citation `2008ApJ...687.1264M' on page 3 undefined on i
nput line 13.


Package natbib Warning: Citation `2020ApJ...898...27S' on page 3 undefined on i
nput line 13.

[3]

Package natbib Warning: Citation `1993AJ....105.2299S' on page 4 undefined on i
nput line 15.


Package natbib Warning: Citation `2021A&A...654A.137L' on page 4 undefined on i
nput line 15.


Package natbib Warning: Citation `2010ARA&A..48..581S' on page 4 undefined on i
nput line 15.


Package natbib Warning: Citation `1967ApJ...150..551K' on page 4 undefined on i
nput line 17.


Package natbib Warning: Citation `2013ApJ...776....4N' on page 4 undefined on i
nput line 19.


Package natbib Warning: Citation `2019AJ....158...13N' on page 4 undefined on i
nput line 19.

[4]

LaTeX Warning: Reference `tracers' on page 5 undefined on input line 23.


Package natbib Warning: Citation `2020ApJ...898...27S' on page 5 undefined on i
nput line 23.


Package natbib Warning: Citation `2023MNRAS.523..802J' on page 5 undefined on i
nput line 23.


Package natbib Warning: Citation `2019AJ....158..173A' on page 5 undefined on i
nput line 23.


Package natbib Warning: Citation `2023ApJ...947L...3B' on page 5 undefined on i
nput line 23.

<Tracers_chart.png, id=117, 867.24pt x 505.89pt>
File: Tracers_chart.png Graphic file (type png)
<use Tracers_chart.png>
Package pdftex.def Info: Tracers_chart.png  used on input line 27.
(pdftex.def)             Requested size: 433.61894pt x 252.94437pt.

Overfull \hbox (18.06645pt too wide) in paragraph at lines 27--28
 [][] 
 []


LaTeX Warning: `!h' float specifier changed to `!ht'.

) (./ages/2data_sample.tex

Package natbib Warning: Citation `2021ApJS..254...42B' on page 5 undefined on i
nput line 1.


Package natbib Warning: Citation `2001AJ....122.3466M' on page 5 undefined on i
nput line 1.


Package natbib Warning: Citation `2004A&A...424..727P' on page 5 undefined on i
nput line 1.


Package natbib Warning: Citation `2023A&A...672A..94D' on page 5 undefined on i
nput line 1.


LaTeX Warning: Reference `dot_ex' on page 5 undefined on input line 1.

[5] [6 <./Tracers_chart.png>]
<HIP000669-acceptance.png, id=132, 1143.27126pt x 1270.7475pt>
File: HIP000669-acceptance.png Graphic file (type png)
<use HIP000669-acceptance.png>
Package pdftex.def Info: HIP000669-acceptance.png  used on input line 5.
(pdftex.def)             Requested size: 285.81711pt x 317.6861pt.
<G_dist_bmr.png, id=133, 722.7pt x 722.7pt>
File: G_dist_bmr.png Graphic file (type png)
<use G_dist_bmr.png>
Package pdftex.def Info: G_dist_bmr.png  used on input line 13.
(pdftex.def)             Requested size: 252.94878pt x 252.94878pt.
<bmr_G_dist.png, id=134, 722.7pt x 722.7pt>
File: bmr_G_dist.png Graphic file (type png)
<use bmr_G_dist.png>
Package pdftex.def Info: bmr_G_dist.png  used on input line 14.
(pdftex.def)             Requested size: 252.94878pt x 252.94878pt.


LaTeX Warning: Reference `sample' on page 7 undefined on input line 20.


Package natbib Warning: Citation `2020ApJ...898...27S' on page 7 undefined on i
nput line 25.


Package natbib Warning: Citation `1997A&A...323L..61V' on page 7 undefined on i
nput line 25.


LaTeX Warning: Reference `bmv' on page 7 undefined on input line 25.


Package natbib Warning: Citation `1997A&A...323L..61V' on page 7 undefined on i
nput line 25.


Package natbib Warning: Citation `2023A&A...674A...1G' on page 7 undefined on i
nput line 25.

[7] [8 <./HIP000669-acceptance.png>]
Overfull \hbox (80.15501pt too wide) detected at line 30
[][][]\OML/cmm/m/it/12 B \OMS/cmsy/m/n/12 ^^@ \OML/cmm/m/it/12 V \OT1/cmr/m/n/1
2 = \OMS/cmsy/m/n/12 ^^@\OT1/cmr/m/n/12 0\OML/cmm/m/it/12 :\OT1/cmr/m/n/12 102(
\OML/cmm/m/it/12 G[] \OMS/cmsy/m/n/12 ^^@ \OML/cmm/m/it/12 G[]\OT1/cmr/m/n/12 )
[] + 0\OML/cmm/m/it/12 :\OT1/cmr/m/n/12 226(\OML/cmm/m/it/12 G[] \OMS/cmsy/m/n/
12 ^^@ \OML/cmm/m/it/12 G[]\OT1/cmr/m/n/12 )[] + 0\OML/cmm/m/it/12 :\OT1/cmr/m/
n/12 017(\OML/cmm/m/it/12 G[] \OMS/cmsy/m/n/12 ^^@ \OML/cmm/m/it/12 G[]\OT1/cmr
/m/n/12 )[] + 0\OML/cmm/m/it/12 :\OT1/cmr/m/n/12 688(\OML/cmm/m/it/12 G[] \OMS/
cmsy/m/n/12 ^^@ \OML/cmm/m/it/12 G[]\OT1/cmr/m/n/12 ) + 0\OML/cmm/m/it/12 :\OT1
/cmr/m/n/12 002
 []


Package natbib Warning: Citation `2023ApJ...947L...3B' on page 9 undefined on i
nput line 32.


Package natbib Warning: Citation `2013ApJS..208....9P' on page 9 undefined on i
nput line 32.


Package natbib Warning: Citation `2003SPIE.4841.1145W' on page 9 undefined on i
nput line 37.

[9]

Package natbib Warning: Citation `2016SPIE.9913E..3EJ' on page 10 undefined on 
input line 40.

) (./ages/3lithium.tex

Package natbib Warning: Citation `2020ApJ...898...27S' on page 10 undefined on 
input line 1.


Package natbib Warning: Citation `2023A&A...674A...1G' on page 10 undefined on 
input line 1.

[10] [11]
Overfull \hbox (7.85934pt too wide) detected at line 12
[][][][][]
 []


Package natbib Warning: Citation `2013PASP..125..306F' on page 12 undefined on 
input line 16.

[12] [13]

LaTeX Warning: Reference `li_spec_examples' on page 14 undefined on input line 
37.

[14]
<Li_fit_example.png, id=184, 722.7pt x 722.7pt>
File: Li_fit_example.png Graphic file (type png)
<use Li_fit_example.png>
Package pdftex.def Info: Li_fit_example.png  used on input line 43.
(pdftex.def)             Requested size: 216.81166pt x 216.81166pt.
<Li_UL_example.png, id=185, 722.7pt x 722.7pt>
File: Li_UL_example.png Graphic file (type png)
<use Li_UL_example.png>
Package pdftex.def Info: Li_UL_example.png  used on input line 44.
(pdftex.def)             Requested size: 216.81166pt x 216.81166pt.


LaTeX Warning: Float too large for page by 16.02873pt on input line 48.

<Lithium_check.png, id=186, 722.7pt x 722.7pt>
File: Lithium_check.png Graphic file (type png)
<use Lithium_check.png>
Package pdftex.def Info: Lithium_check.png  used on input line 53.
(pdftex.def)             Requested size: 271.01183pt x 271.01183pt.

Package natbib Warning: Citation `1993AJ....105.2299S' on page 15 undefined on 
input line 54.


Package natbib Warning: Citation `2009A&A...504..829G' on page 15 undefined on 
input line 54.


Package natbib Warning: Citation `2003A&A...399..983W' on page 15 undefined on 
input line 54.


Package natbib Warning: Citation `2007AJ....133.2524W' on page 15 undefined on 
input line 54.


Package natbib Warning: Citation `2005PASJ...57...45T' on page 15 undefined on 
input line 54.


Package natbib Warning: Citation `1993AJ....105.2299S' on page 15 undefined on 
input line 58.


Package natbib Warning: Citation `1993ASSL..183..303F' on page 15 undefined on 
input line 58.


Package natbib Warning: Citation `2003A&A...399..983W' on page 15 undefined on 
input line 58.


Package natbib Warning: Citation `2005PASJ...57...45T' on page 15 undefined on 
input line 58.


Package natbib Warning: Citation `2007AJ....133.2524W' on page 15 undefined on 
input line 58.


Package natbib Warning: Citation `2009A&A...504..829G' on page 15 undefined on 
input line 58.


Package natbib Warning: Citation `2013A&A...551L...8P' on page 15 undefined on 
input line 58.


LaTeX Warning: Reference `li_check' on page 15 undefined on input line 58.


Package natbib Warning: Citation `1993AJ....105.2299S' on page 15 undefined on 
input line 58.


Package natbib Warning: Citation `1993AJ....105.2299S' on page 15 undefined on 
input line 58.

[15]

LaTeX Warning: Reference `recovery' on page 16 undefined on input line 60.

<injection_recovery.png, id=191, 722.7pt x 722.7pt>
File: injection_recovery.png Graphic file (type png)
<use injection_recovery.png>
Package pdftex.def Info: injection_recovery.png  used on input line 65.
(pdftex.def)             Requested size: 271.01183pt x 271.01183pt.

Package natbib Warning: Citation `2020ApJ...898...27S' on page 16 undefined on 
input line 70.


Package natbib Warning: Citation `2020ApJ...898...27S' on page 16 undefined on 
input line 70.


LaTeX Warning: Reference `li_post_example' on page 16 undefined on input line 7
0.


LaTeX Warning: Reference `tab:lithium' on page 16 undefined on input line 70.

[16]
<example_Li_post.png, id=196, 722.7pt x 722.7pt>
File: example_Li_post.png Graphic file (type png)
<use example_Li_post.png>
Package pdftex.def Info: example_Li_post.png  used on input line 75.
(pdftex.def)             Requested size: 271.01183pt x 271.01183pt.


Package natbib Warning: Citation `2020ApJ...898...27S' on page 17 undefined on 
input line 76.


LaTeX Warning: Reference `tab:lithium' on page 17 undefined on input line 76.


LaTeX Warning: `!h' float specifier changed to `!ht'.

[17] [18 <./G_dist_bmr.png> <./bmr_G_dist.png>] [19 <./Li_fit_example.png> <./L
i_UL_example.png>] [20 <./Lithium_check.png>] [21 <./injection_recovery.png>]
[22 <./example_Li_post.png>]) (./ages/4RHK.tex

Package natbib Warning: Citation `1991ApJS...76..383D' on page 23 undefined on 
input line 1.


LaTeX Warning: Reference `RHK_examples' on page 23 undefined on input line 1.

<RHK_ex_HIP102040.png, id=234, 867.24pt x 505.89pt>
File: RHK_ex_HIP102040.png Graphic file (type png)
<use RHK_ex_HIP102040.png>
Package pdftex.def Info: RHK_ex_HIP102040.png  used on input line 5.
(pdftex.def)             Requested size: 346.88986pt x 202.3524pt.
<RHK_ex_HIP115147.png, id=235, 867.24pt x 505.89pt>
File: RHK_ex_HIP115147.png Graphic file (type png)
<use RHK_ex_HIP115147.png>
Package pdftex.def Info: RHK_ex_HIP115147.png  used on input line 6.
(pdftex.def)             Requested size: 346.88986pt x 202.3524pt.

Package natbib Warning: Citation `2013A&A...551L...8P' on page 23 undefined on 
input line 12.


Package natbib Warning: Citation `1991ApJS...76..383D' on page 23 undefined on 
input line 12.


Package natbib Warning: Citation `2004ApJS..152..261W' on page 23 undefined on 
input line 12.


Package natbib Warning: Citation `2003AJ....126.2048G' on page 23 undefined on 
input line 12.


Package natbib Warning: Citation `2004ApJS..152..261W' on page 23 undefined on 
input line 12.


Package natbib Warning: Citation `2004ApJS..152..261W' on page 23 undefined on 
input line 14.


Package natbib Warning: Citation `1991ApJS...76..383D' on page 23 undefined on 
input line 16.


LaTeX Warning: Reference `sec:data' on page 23 undefined on input line 18.


Package natbib Warning: Citation `2013ApJS..208....9P' on page 23 undefined on 
input line 18.


Package natbib Warning: Citation `2013A&A...553A...6H' on page 23 undefined on 
input line 18.

[23

] [24 <./RHK_ex_HIP102040.png> <./RHK_ex_HIP115147.png>]

LaTeX Warning: Reference `eq:s' on page 25 undefined on input line 21.


LaTeX Warning: Reference `sval_calib' on page 25 undefined on input line 21.

[25]
<s_vals_1param.png, id=255, 722.7pt x 722.7pt>
File: s_vals_1param.png Graphic file (type png)
<use s_vals_1param.png>
Package pdftex.def Info: s_vals_1param.png  used on input line 29.
(pdftex.def)             Requested size: 361.3491pt x 361.3491pt.


LaTeX Warning: Reference `tab:rhk' on page 26 undefined on input line 31.

[26 <./s_vals_1param.png>]

Package natbib Warning: Citation `1982PhDT.......153M' on page 27 undefined on 
input line 41.


Package natbib Warning: Citation `1984ApJ...276..254H' on page 27 undefined on 
input line 41.

<example_Ca_post.png, id=262, 722.7pt x 722.7pt>
File: example_Ca_post.png Graphic file (type png)
<use example_Ca_post.png>
Package pdftex.def Info: example_Ca_post.png  used on input line 44.
(pdftex.def)             Requested size: 271.01183pt x 271.01183pt.

Package natbib Warning: Citation `2020ApJ...898...27S' on page 27 undefined on 
input line 46.


LaTeX Warning: Reference `tab:rhk' on page 27 undefined on input line 50.


Package natbib Warning: Citation `2020ApJ...898...27S' on page 27 undefined on 
input line 50.


LaTeX Warning: Reference `RHK_post_example' on page 27 undefined on input line 
50.

) [27 <./example_Ca_post.png>] (./ages/5Gyrochronology.tex

Package natbib Warning: Citation `2023ApJ...947L...3B' on page 28 undefined on 
input line 2.


Package natbib Warning: Citation `2016SPIE.9913E..3EJ' on page 28 undefined on 
input line 2.


Package natbib Warning: Citation `1976Ap&SS..39..447L' on page 28 undefined on 
input line 2.


Package natbib Warning: Citation `1982ApJ...263..835S' on page 28 undefined on 
input line 2.


Package natbib Warning: Citation `2016ascl.soft06014N' on page 28 undefined on 
input line 2.

[28] [29]

Package natbib Warning: Citation `2021AJ....162..147H' on page 30 undefined on 
input line 13.


Package natbib Warning: Citation `2019ApJS..244...21S' on page 30 undefined on 
input line 13.


Package natbib Warning: Citation `2021ApJS..255...17S' on page 30 undefined on 
input line 13.


Package natbib Warning: Citation `2020ApJ...903...99H' on page 30 undefined on 
input line 13.


Package natbib Warning: Citation `2018ApJS..236...16V' on page 30 undefined on 
input line 13.


Package natbib Warning: Citation `2020sdmm.book.....I' on page 30 undefined on 
input line 13.


Package natbib Warning: Citation `2018ApJS..236...16V' on page 30 undefined on 
input line 13.


Package natbib Warning: Citation `2023ApJ...947L...3B' on page 30 undefined on 
input line 18.


LaTeX Warning: Reference `gyro-post' on page 30 undefined on input line 18.

[30]
<exampleLC.png, id=285, 1300.86pt x 578.16pt>
File: exampleLC.png Graphic file (type png)
<use exampleLC.png>
Package pdftex.def Info: exampleLC.png  used on input line 23.
(pdftex.def)             Requested size: 455.30783pt x 202.35902pt.

Overfull \hbox (39.75534pt too wide) in paragraph at lines 23--24
 [][] 
 []

<example_gyro_post.png, id=286, 722.7pt x 722.7pt>
File: example_gyro_post.png Graphic file (type png)
<use example_gyro_post.png>
Package pdftex.def Info: example_gyro_post.png  used on input line 32.
(pdftex.def)             Requested size: 271.01183pt x 271.01183pt.

Package natbib Warning: Citation `2023ApJ...947L...3B' on page 31 undefined on 
input line 34.


Package natbib Warning: Citation `2013MNRAS.432.1203M' on page 31 undefined on 
input line 41.

[31]

LaTeX Warning: Reference `2_periods' on page 32 undefined on input line 47.


Package natbib Warning: Citation `2001AJ....122.3466M' on page 32 undefined on 
input line 49.

[32 <./exampleLC.png>]

LaTeX Warning: Reference `table:117410' on page 33 undefined on input line 51.

[33 <./example_gyro_post.png>]
<double_sine_for_paper.png, id=305, 938.50626pt x 612.2875pt>
File: double_sine_for_paper.png Graphic file (type png)
<use double_sine_for_paper.png>
Package pdftex.def Info: double_sine_for_paper.png  used on input line 56.
(pdftex.def)             Requested size: 281.55405pt x 183.68767pt.


Package natbib Warning: Citation `2022ApJS..258...16P' on page 34 undefined on 
input line 97.


Package natbib Warning: Citation `2023A&A...672A.119G' on page 34 undefined on 
input line 97.

[34 <./double_sine_for_paper.png>]

LaTeX Warning: Reference `table:EBS' on page 35 undefined on input line 99.


LaTeX Warning: Reference `EB_ex' on page 35 undefined on input line 99.

<EB_rotation-1.png, id=313, 757.83125pt x 448.67625pt>
File: EB_rotation-1.png Graphic file (type png)
<use EB_rotation-1.png>
Package pdftex.def Info: EB_rotation-1.png  used on input line 103.
(pdftex.def)             Requested size: 265.2449pt x 157.03903pt.
<exampleLC_beat.png, id=314, 867.24pt x 505.89pt>
File: exampleLC_beat.png Graphic file (type png)
<use exampleLC_beat.png>
Package pdftex.def Info: exampleLC_beat.png  used on input line 141.
(pdftex.def)             Requested size: 260.17401pt x 151.76816pt.
<exampleLC_stochastic.png, id=315, 867.24pt x 505.89pt>
File: exampleLC_stochastic.png Graphic file (type png)
<use exampleLC_stochastic.png>
Package pdftex.def Info: exampleLC_stochastic.png  used on input line 143.
(pdftex.def)             Requested size: 260.17401pt x 151.76816pt.

Package natbib Warning: Citation `2016MNRAS.458.2307K' on page 35 undefined on 
input line 144.

[35]

Package natbib Warning: Citation `2013MNRAS.432.1203M' on page 36 undefined on 
input line 151.


LaTeX Warning: Reference `notrot_ex' on page 36 undefined on input line 151.


Package natbib Warning: Citation `2022MNRAS.512.4835M' on page 36 undefined on 
input line 151.

[36 <./EB_rotation-1.png>] [37 <./exampleLC_beat.png> <./exampleLC_stochastic.p
ng>]) (./ages/6total_ages.tex

Package natbib Warning: Citation `2013ApJ...776....4N' on page 38 undefined on 
input line 1.


Package natbib Warning: Citation `2019AJ....158...13N' on page 38 undefined on 
input line 1.


Package natbib Warning: Citation `2019AJ....158...13N' on page 38 undefined on 
input line 1.


Package natbib Warning: Citation `2019AJ....158...13N' on page 38 undefined on 
input line 1.


Package natbib Warning: Citation `2019AJ....158...13N' on page 38 undefined on 
input line 1.


Package natbib Warning: Citation `2011ApJS..192....3P' on page 38 undefined on 
input line 1.


Package natbib Warning: Citation `2004A&A...419..725C' on page 38 undefined on 
input line 1.


Package natbib Warning: Citation `2019AJ....158...13N' on page 38 undefined on 
input line 1.


Package natbib Warning: Citation `2011A&A...530A.138C' on page 38 undefined on 
input line 1.

[38]

LaTeX Warning: Reference `tab:general' on page 39 undefined on input line 3.


LaTeX Warning: Reference `bmv_age' on page 39 undefined on input line 3.

<age_bmv.png, id=341, 867.24pt x 867.24pt>
File: age_bmv.png Graphic file (type png)
<use age_bmv.png>
Package pdftex.def Info: age_bmv.png  used on input line 10.
(pdftex.def)             Requested size: 303.53854pt x 303.53854pt.
! Undefined control sequence.
\longrotatetable ...\longrotateontrue \if@two@col 
                                                  \onecolumngrid \clearpage ...
l.19 ...th{\tabcolsep}{4pt}\begin{longrotatetable}
                                                  
? 
! Undefined control sequence.
\longrotatetable ...ue \if@two@col \onecolumngrid 
                                                  \clearpage \fi \clearpage ...
l.19 ...th{\tabcolsep}{4pt}\begin{longrotatetable}
                                                  
? 
[39] [40 <./age_bmv.png>]
! Extra \fi.
\longrotatetable ...\onecolumngrid \clearpage \fi 
                                                  \clearpage \clearpage \beg...
l.19 ...th{\tabcolsep}{4pt}\begin{longrotatetable}
                                                  
? 
! Undefined control sequence.
\longrotatetable ...xetable } \global \floatfalse 
                                                  \global \startlongtabletru...
l.19 ...th{\tabcolsep}{4pt}\begin{longrotatetable}
                                                  
? 
! Undefined control sequence.
\longrotatetable ...e \global \startlongtabletrue 
                                                  \def \LS@rot {\setbox \@ou...
l.19 ...th{\tabcolsep}{4pt}\begin{longrotatetable}
                                                  
? 

! Package array Error:  Illegal pream-token (\string): `c' used.

See the array package documentation for explanation.
Type  H <return>  for immediate help.
 ...                                              
                                                  
l.32 \startdata
               
? 

Overfull \hbox (240.13922pt too wide) in alignment at lines 32--200
[] [] [] [] [] [] [] [] [] [] [] [][]
 []

Page 1 of table 7.2 has been set to width 415.55249pt with 35 lines per page 

LaTeX Warning: Float too large for page by 1736.46724pt on input line 203.

! Undefined control sequence.
\endlongrotatetable ->\onecolumngrid 
                                     \clearpage \ifGin@pdftex \pdfpageattr {...
l.204 \end{longrotatetable}
                           }
? 
! Undefined control sequence.
\LS@rot ...outputbox \vbox {\vskip \movetabledown 
                                                  \hbox {\rotatebox {90}{\bo...
l.204 \end{longrotatetable}
                           }
? 
! Missing number, treated as zero.
<to be read again> 
                   \hbox 
l.204 \end{longrotatetable}
                           }
? 
! Illegal unit of measure (pt inserted).
<to be read again> 
                   \hbox 
l.204 \end{longrotatetable}
                           }
? 
[41]
! Undefined control sequence.
\LS@rot ...outputbox \vbox {\vskip \movetabledown 
                                                  \hbox {\rotatebox {90}{\bo...
l.204 \end{longrotatetable}
                           }
? 
! Missing number, treated as zero.
<to be read again> 
                   \hbox 
l.204 \end{longrotatetable}
                           }
? 
! Illegal unit of measure (pt inserted).
<to be read again> 
                   \hbox 
l.204 \end{longrotatetable}
                           }
? 
! Undefined control sequence.
\LS@rot ...outputbox \vbox {\vskip \movetabledown 
                                                  \hbox {\rotatebox {90}{\bo...
l.204 \end{longrotatetable}
                           }
? 
! Missing number, treated as zero.
<to be read again> 
                   \hbox 
l.204 \end{longrotatetable}
                           }
? 
! Illegal unit of measure (pt inserted).
<to be read again> 
                   \hbox 
l.204 \end{longrotatetable}
                           }
? 
! Undefined control sequence.
\endlongrotatetable ...page \endgroup \if@two@col 
                                                  \twocolumngrid \fi \clearp...
l.204 \end{longrotatetable}
                           }
? 
! Undefined control sequence.
\endlongrotatetable ...\if@two@col \twocolumngrid 
                                                  \fi \clearpage \global \lo...
l.204 \end{longrotatetable}
                           }
? 
! Extra \fi.
\endlongrotatetable ...two@col \twocolumngrid \fi 
                                                  \clearpage \global \longro...
l.204 \end{longrotatetable}
                           }
? 
! Undefined control sequence.
\endlongrotatetable ...lse \global \movetabledown 
                                                  =0pt \global \@colht =\tex...
l.204 \end{longrotatetable}
                           }
? 
! You can't use a prefix with `the character ='.
<to be read again> 
                   =
l.204 \end{longrotatetable}
                           }
? 
[42






]

Package natbib Warning: Citation `2020ApJ...898...27S' on page 43 undefined on 
input line 210.

) (./ages/7discussion.tex [43

]

Package natbib Warning: Citation `1990Ap&SS.163..229R' on page 44 undefined on 
input line 5.


Package natbib Warning: Citation `2023MNRAS.522.1643C' on page 44 undefined on 
input line 5.


Package natbib Warning: Citation `2006A&A...459..783C' on page 44 undefined on 
input line 5.


Package natbib Warning: Citation `2018Natur.559..585N' on page 44 undefined on 
input line 5.


Package natbib Warning: Citation `2020ApJ...898...27S' on page 44 undefined on 
input line 5.


Package natbib Warning: Citation `2023ApJ...947L...3B' on page 44 undefined on 
input line 5.

[44]

LaTeX Warning: Reference `global_post' on page 45 undefined on input line 11.


Package natbib Warning: Citation `1955ApJ...121..161S' on page 45 undefined on 
input line 11.


Package natbib Warning: Citation `2003PASP..115..763C' on page 45 undefined on 
input line 11.


Package natbib Warning: Citation `2003ApJ...598.1076K' on page 45 undefined on 
input line 11.


Package natbib Warning: Citation `2023ASPC..534..275O' on page 45 undefined on 
input line 11.


LaTeX Warning: Reference `global_post' on page 45 undefined on input line 11.

<global_post.png, id=374, 722.7pt x 722.7pt>
File: global_post.png Graphic file (type png)
<use global_post.png>
Package pdftex.def Info: global_post.png  used on input line 17.
(pdftex.def)             Requested size: 252.94878pt x 252.94878pt.
<global_post_late.png, id=375, 722.7pt x 722.7pt>
File: global_post_late.png Graphic file (type png)
<use global_post_late.png>
Package pdftex.def Info: global_post_late.png  used on input line 18.
(pdftex.def)             Requested size: 252.94878pt x 252.94878pt.
[45]

LaTeX Warning: Reference `global_post_late' on page 46 undefined on input line 
30.

[46]
<global_post_late_lid_gyro.png, id=384, 722.7pt x 722.7pt>
File: global_post_late_lid_gyro.png Graphic file (type png)
<use global_post_late_lid_gyro.png>
Package pdftex.def Info: global_post_late_lid_gyro.png  used on input line 35.
(pdftex.def)             Requested size: 252.94878pt x 252.94878pt.
<global_post_late_Li_UL.png, id=385, 722.7pt x 722.7pt>
File: global_post_late_Li_UL.png Graphic file (type png)
<use global_post_late_Li_UL.png>
Package pdftex.def Info: global_post_late_Li_UL.png  used on input line 37.
(pdftex.def)             Requested size: 252.94878pt x 252.94878pt.


LaTeX Warning: Reference `LiGyroPost' on page 47 undefined on input line 44.

[47] [48]
<global_post_late_Li.png, id=396, 722.7pt x 722.7pt>
File: global_post_late_Li.png Graphic file (type png)
<use global_post_late_Li.png>
Package pdftex.def Info: global_post_late_Li.png  used on input line 67.
(pdftex.def)             Requested size: 252.94878pt x 252.94878pt.
<global_post_late_Gyro.png, id=397, 722.7pt x 722.7pt>
File: global_post_late_Gyro.png Graphic file (type png)
<use global_post_late_Gyro.png>
Package pdftex.def Info: global_post_late_Gyro.png  used on input line 67.
(pdftex.def)             Requested size: 252.94878pt x 252.94878pt.


LaTeX Warning: Float too large for page by 15.80296pt on input line 67.


Package natbib Warning: Citation `2019AJ....158..226D' on page 49 undefined on 
input line 67.


LaTeX Warning: Reference `sec:gyro' on page 49 undefined on input line 67.

[49]

Package natbib Warning: Citation `2022ApJ...934L..18K' on page 50 undefined on 
input line 73.


Package natbib Warning: Citation `2018ApJ...856...23G' on page 50 undefined on 
input line 73.


LaTeX Warning: Reference `sec:total_ages' on page 50 undefined on input line 73
.


Package natbib Warning: Citation `2022AJ....164..152S' on page 50 undefined on 
input line 73.


Package natbib Warning: Citation `2011A&A...530A.138C' on page 50 undefined on 
input line 73.


Package natbib Warning: Citation `2008A&A...484..815B' on page 50 undefined on 
input line 73.


Package natbib Warning: Citation `2009A&A...508..355B' on page 50 undefined on 
input line 73.

[50] [51] [52 <./global_post.png> <./global_post_late.png>] [53 <./global_post_
late_lid_gyro.png> <./global_post_late_Li_UL.png>] [54 <./global_post_late_Li.p
ng> <./global_post_late_Gyro.png>]) (./ages/9conclusions.tex [55

])
(./ages/appendix.tex
<color-color-fit.png, id=438, 867.24pt x 867.24pt>
File: color-color-fit.png Graphic file (type png)
<use color-color-fit.png>
Package pdftex.def Info: color-color-fit.png  used on input line 3.
(pdftex.def)             Requested size: 346.88986pt x 346.88986pt.


Package natbib Warning: Citation `1997A&A...323L..61V' on page 56 undefined on 
input line 4.


Package natbib Warning: Citation `2023A&A...674A...1G' on page 56 undefined on 
input line 4.


Package natbib Warning: Citation `2020ApJ...898...27S' on page 56 undefined on 
input line 4.

! Misplaced \noalign.
\caption ->\noalign 
                    \bgroup \@ifnextchar [{\egroup \LT@c@ption \@firstofone ...
l.12 \caption
             {We present our lithium equivalent width measurements or upper ...

? 
! Misplaced \noalign.
\caption@LT@make #1->\noalign 
                              {\caption@LT@config }\expandafter \LT@mcol \ex...
l.12 ...} range, we do not derive age posteriors.}
                                                   \\
? 
! Misplaced \omit.
\multispan ->\omit 
                   \@multispan 
l.12 ...} range, we do not derive age posteriors.}
                                                   \\
? 

Overfull \hbox (163.65042pt too wide) in alignment at lines 26--194
 [] [] [] [] [] [] [] [] [] 
 []


Package longtable Warning: Column widths have changed
(longtable)                in table .1 on input line 194.


ignored: Infinite glue shrinkage found in box being split [56]
ignored: Infinite glue shrinkage fo
und in box being split [57]
ignored: Infinite glue shrinkage found in box being split [58
]
ignored: Infinite glue shrinkage found in box being split [59]
ignored: Infinite glue shrinkage f
ound in box being split [60]
ignored: Infinite glue shrinkage found in box being split [6
1]
ignored: Infinite glue shrinkage found in box being split [62]
ignored: Infinite glue shrinkage 
found in box being split [63]
ignored: Infinite glue shrinkage found in box being split [
64]
ignored: Infinite glue shrinkage found in box being split [65]
ignored: Infinite glue shrinkage
 found in box being split [66]
! Misplaced \noalign.
\caption ->\noalign 
                    \bgroup \@ifnextchar [{\egroup \LT@c@ption \@firstofone ...
l.200 \caption
              {Each target star and its adopted $B-V$, measured S index and ...

? 
! Misplaced \noalign.
\caption@LT@make #1->\noalign 
                              {\caption@LT@config }\expandafter \LT@mcol \ex...
l.200 ... $68\%$ and $98\%$ confidence intervals.}
                                                  \\
? 
! Misplaced \omit.
\multispan ->\omit 
                   \@multispan 
l.200 ... $68\%$ and $98\%$ confidence intervals.}
                                                  \\
? 

Overfull \hbox (82.47197pt too wide) in alignment at lines 216--384
 [] [] [] [] [] [] [] [] 
 []


Package longtable Warning: Column widths have changed
(longtable)                in table .2 on input line 384.


ignored: Infinite glue shrinkage found in box being split [67]
ignored: Infinite glue shrinkage fo
und in box being split [68]
ignored: Infinite glue shrinkage found in box being split [69
]
ignored: Infinite glue shrinkage found in box being split [70]
ignored: Infinite glue shrinkage f
ound in box being split [71]
ignored: Infinite glue shrinkage found in box being split [7
2]
ignored: Infinite glue shrinkage found in box being split [73]
ignored: Infinite glue shrinkage 
found in box being split [74]
ignored: Infinite glue shrinkage found in box being split [
75]
ignored: Infinite glue shrinkage found in box being split [76]
! Misplaced \noalign.
\caption ->\noalign 
                    \bgroup \@ifnextchar [{\egroup \LT@c@ption \@firstofone ...
l.389 \caption
              {Rotation period measurements for 23 of our 166 accelerating s...

? 
! Misplaced \noalign.
\caption@LT@make #1->\noalign 
                              {\caption@LT@config }\expandafter \LT@mcol \ex...
l.389 ...he \texttt{gyro-interp} $T_{eff}$ range.}
                                                  \\
? 
! Misplaced \omit.
\multispan ->\omit 
                   \@multispan 
l.389 ...he \texttt{gyro-interp} $T_{eff}$ range.}
                                                  \\
? 

Overfull \hbox (71.6044pt too wide) in alignment at lines 405--573
 [] [] [] [] [] [] [] 
 []

[77]

Package longtable Warning: Column widths have changed
(longtable)                in table .3 on input line 573.


ignored: Infinite glue shrinkage found in box being split [78 <./color-color-fit.png>]
ignored: In
finite glue shrinkage found in box being split [79]
ignored: Infinite glue shrinkage foun
d in box being split [80]
ignored: Infinite glue shrinkage found in box being split [81]
ignored: I
nfinite glue shrinkage found in box being split [82]
ignored: Infinite glue shrinkage fou
nd in box being split [83]
ignored: Infinite glue shrinkage found in box being split [84]

ignored: Infinite glue shrinkage found in box being split [85]
ignored: Infinite glue shrinkage fo
und in box being split [86]
ignored: Infinite glue shrinkage found in box being split [87
]
ignored: Infinite glue shrinkage found in box being split
[88])) [89] [90

]
No file main.bbl.

Package natbib Warning: There were undefined citations.


Package longtable Warning: Table widths have changed. Rerun LaTeX.

(./main.aux (./title.aux) (./committee.aux) (./dedication.aux)
(./acknowledgements.aux) (./vita.aux) (./abstract.aux) (./abbrev.aux)
(./symbols.aux))
 ***********
LaTeX2e <2025-11-01>
L3 programming layer <2026-01-19>
 ***********


LaTeX Warning: There were undefined references.


LaTeX Warning: Label(s) may have changed. Rerun to get cross-references right.


Package rerunfilecheck Warning: File `main.out' has changed.
(rerunfilecheck)                Rerun to get outlines right
(rerunfilecheck)                or use package `bookmark'.

Package rerunfilecheck Info: Checksums for `main.out':
(rerunfilecheck)             Before: D41D8CD98F00B204E9800998ECF8427E;0
(rerunfilecheck)             After:  C3C76DF128C69916E43AF8A5533813B2;2811.
 ) 
Here is how much of TeX's memory you used:
 22349 strings out of 467525
 423068 string characters out of 5418982
 1167243 words of memory out of 5000000
 50641 multiletter control sequences out of 15000+600000
 643953 words of font info for 106 fonts, out of 8000000 for 9000
 1141 hyphenation exceptions out of 8191
 73i,12n,79p,1761b,1239s stack positions out of 10000i,1000n,20000p,200000b,200000s
</usr/local/texlive/2026/texmf-dist/fonts/type1/public/amsfonts/cm/cmbx12.pfb
></usr/local/texlive/2026/texmf-dist/fonts/type1/public/amsfonts/cm/cmex10.pfb>
</usr/local/texlive/2026/texmf-dist/fonts/type1/public/amsfonts/cm/cmmi10.pfb><
/usr/local/texlive/2026/texmf-dist/fonts/type1/public/amsfonts/cm/cmmi12.pfb></
usr/local/texlive/2026/texmf-dist/fonts/type1/public/amsfonts/cm/cmmi6.pfb></us
r/local/texlive/2026/texmf-dist/fonts/type1/public/amsfonts/cm/cmmi8.pfb></usr/
local/texlive/2026/texmf-dist/fonts/type1/public/amsfonts/cm/cmr10.pfb></usr/lo
cal/texlive/2026/texmf-dist/fonts/type1/public/amsfonts/cm/cmr12.pfb></usr/loca
l/texlive/2026/texmf-dist/fonts/type1/public/amsfonts/cm/cmr6.pfb></usr/local/t
exlive/2026/texmf-dist/fonts/type1/public/amsfonts/cm/cmr7.pfb></usr/local/texl
ive/2026/texmf-dist/fonts/type1/public/amsfonts/cm/cmr8.pfb></usr/local/texlive
/2026/texmf-dist/fonts/type1/public/amsfonts/cm/cmsy10.pfb></usr/local/texlive/
2026/texmf-dist/fonts/type1/public/amsfonts/cm/cmsy6.pfb></usr/local/texlive/20
26/texmf-dist/fonts/type1/public/amsfonts/cm/cmsy8.pfb></usr/local/texlive/2026
/texmf-dist/fonts/type1/public/amsfonts/cm/cmti12.pfb></usr/local/texlive/2026/
texmf-dist/fonts/type1/public/amsfonts/cm/cmtt10.pfb></usr/local/texlive/2026/t
exmf-dist/fonts/type1/public/amsfonts/cm/cmtt12.pfb></usr/local/texlive/2026/te
xmf-dist/fonts/type1/public/fonts-tlwg/loma.pfb></usr/local/texlive/2026/texmf-
dist/fonts/type1/public/amsfonts/symbols/msam10.pfb></usr/local/texlive/2026/te
xmf-dist/fonts/type1/public/cm-super/sfti1200.pfb>
Output written on main.pdf (104 pages, 2319165 bytes).
PDF statistics:
 714 PDF objects out of 1000 (max. 8388607)
 505 compressed objects within 6 object streams
 166 named destinations out of 1000 (max. 500000)
 141 words of extra memory for PDF output out of 10000 (max. 10000000)

